mysql> USE Project2;
Database changed
mysql> SHOW TABLES;
+--------------------+
| Tables_in_project2 |
+--------------------+
| airplane           |
| airplanemodel      |
| checks             |
| fidelitycard       |
| flight             |
| passenger          |
| passengercard      |
| reservation        |
| ticket             |
| user_              |
+--------------------+
10 rows in set (0.50 sec)

mysql>  SHOW INDEX ON Airplane;
ERROR 1064 (42000): You have an error in your SQL syntax; check the manual that corresponds to your MySQL server version for the right syntax to use near 'ON Airplane' at line 1
mysql> SHOW INDEX FROM Airplane;
+----------+------------+------------------+--------------+--------------------+-----------+-------------+----------+--------+------+------------+---------+---------------+---------+------------+
| Table    | Non_unique | Key_name         | Seq_in_index | Column_name        | Collation | Cardinality | Sub_part | Packed | Null | Index_type | Comment | Index_comment | Visible | Expression |
+----------+------------+------------------+--------------+--------------------+-----------+-------------+----------+--------+------+------------+---------+---------------+---------+------------+
| airplane |          0 | PRIMARY          |            1 | registrationNumber | A         |           0 |     NULL |   NULL |      | BTREE      |         |               | YES     | NULL       |
| airplane |          1 | model            |            1 | model              | A         |           0 |     NULL |   NULL |      | BTREE      |         |               | YES     | NULL       |
| airplane |          1 | airline_airplane |            1 | airline            | A         |           0 |     NULL |   NULL |      | BTREE      |         |               | YES     | NULL       |
+----------+------------+------------------+--------------+--------------------+-----------+-------------+----------+--------+------+------------+---------+---------------+---------+------------+
3 rows in set (0.22 sec)

mysql>  SHOW INDEX FROM AirplaneModel;
+---------------+------------+----------+--------------+-------------+-----------+-------------+----------+--------+------+------------+---------+---------------+---------+------------+
| Table         | Non_unique | Key_name | Seq_in_index | Column_name | Collation | Cardinality | Sub_part | Packed | Null | Index_type | Comment | Index_comment | Visible | Expression |
+---------------+------------+----------+--------------+-------------+-----------+-------------+----------+--------+------+------------+---------+---------------+---------+------------+
| airplanemodel |          0 | PRIMARY  |            1 | model       | A         |           0 |     NULL |   NULL |      | BTREE      |         |               | YES     | NULL       |
+---------------+------------+----------+--------------+-------------+-----------+-------------+----------+--------+------+------------+---------+---------------+---------+------------+
1 row in set (0.15 sec)

mysql> SHOW INDEX FROM Checks;
+--------+------------+----------+--------------+-------------+-----------+-------------+----------+--------+------+------------+---------+---------------+---------+------------+
| Table  | Non_unique | Key_name | Seq_in_index | Column_name | Collation | Cardinality | Sub_part | Packed | Null | Index_type | Comment | Index_comment | Visible | Expression |
+--------+------------+----------+--------------+-------------+-----------+-------------+----------+--------+------+------------+---------+---------------+---------+------------+
| checks |          0 | PRIMARY  |            1 | email       | A         |           0 |     NULL |   NULL |      | BTREE      |         |               | YES     | NULL       |
| checks |          0 | PRIMARY  |            2 | fid         | A         |           0 |     NULL |   NULL |      | BTREE      |         |               | YES     | NULL       |
| checks |          1 | fid      |            1 | fid         | A         |           0 |     NULL |   NULL |      | BTREE      |         |               | YES     | NULL       |
| checks |          1 | uchecks  |            1 | email       | A         |           0 |     NULL |   NULL |      | BTREE      |         |               | YES     | NULL       |
+--------+------------+----------+--------------+-------------+-----------+-------------+----------+--------+------+------------+---------+---------------+---------+------------+
4 rows in set (0.00 sec)

mysql> SHOW INDEX FROM FidelityCard;
+--------------+------------+----------+--------------+-------------+-----------+-------------+----------+--------+------+------------+---------+---------------+---------+------------+
| Table        | Non_unique | Key_name | Seq_in_index | Column_name | Collation | Cardinality | Sub_part | Packed | Null | Index_type | Comment | Index_comment | Visible | Expression |
+--------------+------------+----------+--------------+-------------+-----------+-------------+----------+--------+------+------------+---------+---------------+---------+------------+
| fidelitycard |          0 | PRIMARY  |            1 | fctype      | A         |           0 |     NULL |   NULL |      | BTREE      |         |               | YES     | NULL       |
+--------------+------------+----------+--------------+-------------+-----------+-------------+----------+--------+------+------------+---------+---------------+---------+------------+
1 row in set (0.00 sec)

mysql> SHOW INDEX FROM Flight;
+--------+------------+--------------------+--------------+--------------------+-----------+-------------+----------+--------+------+------------+---------+---------------+---------+------------+
| Table  | Non_unique | Key_name           | Seq_in_index | Column_name        | Collation | Cardinality | Sub_part | Packed | Null | Index_type | Comment | Index_comment | Visible | Expression |
+--------+------------+--------------------+--------------+--------------------+-----------+-------------+----------+--------+------+------------+---------+---------------+---------+------------+
| flight |          0 | PRIMARY            |            1 | fid                | A         |           0 |     NULL |   NULL |      | BTREE      |         |               | YES     | NULL       |
| flight |          1 | registrationNumber |            1 | registrationNumber | A         |           0 |     NULL |   NULL |      | BTREE      |         |               | YES     | NULL       |
| flight |          1 | dep_dest           |            1 | departure          | A         |           0 |     NULL |   NULL |      | BTREE      |         |               | YES     | NULL       |
| flight |          1 | dep_dest           |            2 | destination        | A         |           0 |     NULL |   NULL |      | BTREE      |         |               | YES     | NULL       |
| flight |          1 | dep_dest           |            3 | departureTime      | A         |           0 |     NULL |   NULL |      | BTREE      |         |               | YES     | NULL       |
+--------+------------+--------------------+--------------+--------------------+-----------+-------------+----------+--------+------+------------+---------+---------------+---------+------------+
5 rows in set (0.00 sec)

mysql> SHOW INDEX FROM Passenger;
+-----------+------------+----------+--------------+-------------+-----------+-------------+----------+--------+------+------------+---------+---------------+---------+------------+
| Table     | Non_unique | Key_name | Seq_in_index | Column_name | Collation | Cardinality | Sub_part | Packed | Null | Index_type | Comment | Index_comment | Visible | Expression |
+-----------+------------+----------+--------------+-------------+-----------+-------------+----------+--------+------+------------+---------+---------------+---------+------------+
| passenger |          0 | PRIMARY  |            1 | passportID  | A         |           0 |     NULL |   NULL |      | BTREE      |         |               | YES     | NULL       |
| passenger |          1 | fcid     |            1 | fcid        | A         |           0 |     NULL |   NULL | YES  | BTREE      |         |               | YES     | NULL       |
+-----------+------------+----------+--------------+-------------+-----------+-------------+----------+--------+------+------------+---------+---------------+---------+------------+
2 rows in set (0.00 sec)

mysql> SHOW INDEX FROM PassengerCard;
+---------------+------------+----------+--------------+-------------+-----------+-------------+----------+--------+------+------------+---------+---------------+---------+------------+
| Table         | Non_unique | Key_name | Seq_in_index | Column_name | Collation | Cardinality | Sub_part | Packed | Null | Index_type | Comment | Index_comment | Visible | Expression |
+---------------+------------+----------+--------------+-------------+-----------+-------------+----------+--------+------+------------+---------+---------------+---------+------------+
| passengercard |          0 | PRIMARY  |            1 | fcid        | A         |           0 |     NULL |   NULL |      | BTREE      |         |               | YES     | NULL       |
| passengercard |          1 | fctype   |            1 | fctype      | A         |           0 |     NULL |   NULL | YES  | BTREE      |         |               | YES     | NULL       |
+---------------+------------+----------+--------------+-------------+-----------+-------------+----------+--------+------+------------+---------+---------------+---------+------------+
2 rows in set (0.04 sec)

mysql> SHOW INDEX FROM Reservation;
+-------------+------------+--------------+--------------+-------------+-----------+-------------+----------+--------+------+------------+---------+---------------+---------+------------+
| Table       | Non_unique | Key_name     | Seq_in_index | Column_name | Collation | Cardinality | Sub_part | Packed | Null | Index_type | Comment | Index_comment | Visible | Expression |
+-------------+------------+--------------+--------------+-------------+-----------+-------------+----------+--------+------+------------+---------+---------------+---------+------------+
| reservation |          0 | PRIMARY      |            1 | rid         | A         |           0 |     NULL |   NULL |      | BTREE      |         |               | YES     | NULL       |
| reservation |          1 | ureservation |            1 | email       | A         |           0 |     NULL |   NULL |      | BTREE      |         |               | YES     | NULL       |
+-------------+------------+--------------+--------------+-------------+-----------+-------------+----------+--------+------+------------+---------+---------------+---------+------------+
2 rows in set (0.00 sec)

mysql> SHOW INDEX FROM Ticket;
+--------+------------+------------+--------------+-------------+-----------+-------------+----------+--------+------+------------+---------+---------------+---------+------------+
| Table  | Non_unique | Key_name   | Seq_in_index | Column_name | Collation | Cardinality | Sub_part | Packed | Null | Index_type | Comment | Index_comment | Visible | Expression |
+--------+------------+------------+--------------+-------------+-----------+-------------+----------+--------+------+------------+---------+---------------+---------+------------+
| ticket |          0 | PRIMARY    |            1 | tid         | A         |           0 |     NULL |   NULL |      | BTREE      |         |               | YES     | NULL       |
| ticket |          0 | seatNumber |            1 | seatNumber  | A         |           0 |     NULL |   NULL | YES  | BTREE      |         |               | YES     | NULL       |
| ticket |          1 | fctype     |            1 | fctype      | A         |           0 |     NULL |   NULL | YES  | BTREE      |         |               | YES     | NULL       |
| ticket |          1 | passportID |            1 | passportID  | A         |           0 |     NULL |   NULL |      | BTREE      |         |               | YES     | NULL       |
| ticket |          1 | rid        |            1 | rid         | A         |           0 |     NULL |   NULL |      | BTREE      |         |               | YES     | NULL       |
| ticket |          1 | fticket    |            1 | fid         | A         |           0 |     NULL |   NULL |      | BTREE      |         |               | YES     | NULL       |
+--------+------------+------------+--------------+-------------+-----------+-------------+----------+--------+------+------------+---------+---------------+---------+------------+
6 rows in set (0.00 sec)

mysql> SHOW INDEX FROM User_;
+-------+------------+----------+--------------+-------------+-----------+-------------+----------+--------+------+------------+---------+---------------+---------+------------+
| Table | Non_unique | Key_name | Seq_in_index | Column_name | Collation | Cardinality | Sub_part | Packed | Null | Index_type | Comment | Index_comment | Visible | Expression |
+-------+------------+----------+--------------+-------------+-----------+-------------+----------+--------+------+------------+---------+---------------+---------+------------+
| user_ |          0 | PRIMARY  |            1 | uemail      | A         |           0 |     NULL |   NULL |      | BTREE      |         |               | YES     | NULL       |
+-------+------------+----------+--------------+-------------+-----------+-------------+----------+--------+------+------------+---------+---------------+---------+------------+
1 row in set (0.03 sec)

mysql> SHOW TRIGGERS;
+-------------------------+--------+-------------+-----------------------------------------------------------------------------------------------------------------------------------------------------------------------------------------------------------------------------------------------------------------------------------------------------------------------------------------------------------------------------------------------------------------------------------------------------------------+--------+------------------------+-----------------------------------------------------------------------------------------------------------------------+----------------+----------------------+----------------------+--------------------+
| Trigger                 | Event  | Table       | Statement                                                                                                                                                                                                                                                                                                                                                                                                                                                       | Timing | Created                | sql_mode                                                                                                              | Definer        | character_set_client | collation_connection | Database Collation |
+-------------------------+--------+-------------+-----------------------------------------------------------------------------------------------------------------------------------------------------------------------------------------------------------------------------------------------------------------------------------------------------------------------------------------------------------------------------------------------------------------------------------------------------------------+--------+------------------------+-----------------------------------------------------------------------------------------------------------------------+----------------+----------------------+----------------------+--------------------+
| checkValidReservation   | INSERT | reservation | BEGIN
    DECLARE adult_count INT;

    -- number of accompanying adults 
    SELECT COUNT(*) INTO adult_count
    FROM Ticket
    INNER JOIN Passenger ON Ticket.passportID = Passenger.passportID
    WHERE Ticket.rid = NEW.rid AND YEAR(CURDATE()) - YEAR(Passenger.pbirthDate) >= 16;

    IF adult_count = 0 THEN
        SIGNAL SQLSTATE '45000'
        SET MESSAGE_TEXT = 'Reservation refused. No accompanying adult is registered.';
    END IF;
END | BEFORE | 2023-12-04 22:51:27.56 | ONLY_FULL_GROUP_BY,STRICT_TRANS_TABLES,NO_ZERO_IN_DATE,NO_ZERO_DATE,ERROR_FOR_DIVISION_BY_ZERO,NO_ENGINE_SUBSTITUTION | root@localhost | utf8mb4              | utf8mb4_0900_ai_ci   | utf8mb4_0900_ai_ci |
| reservation_dates_check | INSERT | reservation | BEGIN
    IF DATEDIFF(NOW(), NEW.dateConfirmation) <= 0 THEN
        SIGNAL SQLSTATE '45000'
        SET MESSAGE_TEXT = 'dates of reservation are not valid';
    END IF;
END                                                                                                                                                                                                                                                                                   | BEFORE | 2023-12-04 22:51:27.65 | ONLY_FULL_GROUP_BY,STRICT_TRANS_TABLES,NO_ZERO_IN_DATE,NO_ZERO_DATE,ERROR_FOR_DIVISION_BY_ZERO,NO_ENGINE_SUBSTITUTION | root@localhost | utf8mb4              | utf8mb4_0900_ai_ci   | utf8mb4_0900_ai_ci |
| user_age_check          | INSERT | user_       | BEGIN
    IF DATEDIFF(NOW(), NEW.ubirthDate) < 6570 THEN
        SIGNAL SQLSTATE '45000'
        SET MESSAGE_TEXT = 'Users must be 18 years or older.';
    END IF;
END                                                                                                                                                                                                                                                                                         | BEFORE | 2023-12-04 22:51:27.61 | ONLY_FULL_GROUP_BY,STRICT_TRANS_TABLES,NO_ZERO_IN_DATE,NO_ZERO_DATE,ERROR_FOR_DIVISION_BY_ZERO,NO_ENGINE_SUBSTITUTION | root@localhost | utf8mb4              | utf8mb4_0900_ai_ci   | utf8mb4_0900_ai_ci |
+-------------------------+--------+-------------+-----------------------------------------------------------------------------------------------------------------------------------------------------------------------------------------------------------------------------------------------------------------------------------------------------------------------------------------------------------------------------------------------------------------------------------------------------------------+--------+------------------------+-----------------------------------------------------------------------------------------------------------------------+----------------+----------------------+----------------------+--------------------+
3 rows in set (0.07 sec)

mysql> \q
